Resolved 42 packages in 881ms
Downloading hf-xet (4.3MiB)
Downloading torch (731.1MiB)
Downloading nvidia-cusparselt-cu12 (143.1MiB)
Downloading transformers (11.1MiB)
Downloading triton (241.4MiB)
Downloading nvidia-curand-cu12 (53.7MiB)
Downloading numpy (15.9MiB)
Downloading nvidia-cusparse-cu12 (197.8MiB)
Downloading nvidia-nccl-cu12 (179.9MiB)
Downloading networkx (2.0MiB)
Downloading sympy (5.9MiB)
Downloading nvidia-cusolver-cu12 (122.0MiB)
Downloading nvidia-cuda-nvrtc-cu12 (23.5MiB)
Downloading nvidia-cufft-cu12 (201.7MiB)
Downloading nvidia-cublas-cu12 (346.6MiB)
Downloading sentencepiece (1.3MiB)
Downloading nvidia-cudnn-cu12 (634.0MiB)
Downloading nvidia-cuda-cupti-cu12 (13.2MiB)
 Downloaded sentencepiece
 Downloaded networkx
 Downloaded hf-xet
 Downloaded sympy
 Downloaded transformers
 Downloaded nvidia-cuda-cupti-cu12
 Downloaded numpy
 Downloaded nvidia-cuda-nvrtc-cu12
 Downloaded nvidia-curand-cu12
 Downloaded nvidia-cusolver-cu12
 Downloaded nvidia-cusparselt-cu12
 Downloaded nvidia-nccl-cu12
 Downloaded nvidia-cusparse-cu12
 Downloaded nvidia-cufft-cu12
 Downloaded triton
 Downloaded nvidia-cublas-cu12
 Downloaded nvidia-cudnn-cu12
 Downloaded torch
Prepared 36 packages in 8m 35s
Installed 41 packages in 972ms
 + accelerate==1.10.1
 + certifi==2026.7.22
 + charset-normalizer==3.5.1
 + filelock==3.32.6
 + fsspec==2026.7.0
 + hf-xet==1.6.0
 + huggingface-hub==0.34.4
 + idna==3.19
 + jinja2==3.1.6
 + markupsafe==3.0.3
 + mpmath==1.3.0
 + networkx==3.6.1
 + numpy==2.5.3
 + nvidia-cublas-cu12==12.4.5.8
 + nvidia-cuda-cupti-cu12==12.4.127
 + nvidia-cuda-nvrtc-cu12==12.4.127
 + nvidia-cuda-runtime-cu12==12.4.127
 + nvidia-cudnn-cu12==9.1.0.70
 + nvidia-cufft-cu12==11.2.1.3
 + nvidia-curand-cu12==10.3.5.147
 + nvidia-cusolver-cu12==11.6.1.9
 + nvidia-cusparse-cu12==12.3.1.170
 + nvidia-cusparselt-cu12==0.6.2
 + nvidia-nccl-cu12==2.21.5
 + nvidia-nvtx-cu12==12.4.127
 + packaging==26.3
 + psutil==7.2.2
 + pyyaml==6.0.3
 + regex==2026.9.10
 + requests==2.34.2
 + safetensors==0.6.2
 + sentencepiece==0.2.1
 + setuptools==84.0.0
 + sympy==1.13.1
 + tokenizers==0.22.2
 + torch==2.6.0
 + tqdm==4.70.1
 + transformers==4.56.2
 + triton==3.2.0
 + typing-extensions==4.16.0
 + urllib3==2.7.0
